// Jest Snapshot v1, https://goo.gl/fbAQLP

exports[`Main page renders correctly 1`] = `
<Fragment>
  <div
    className="main-container"
  >
    <div
      className="main-container__left"
    >
      <Connect(ExchangeRate) />
      <Connect(TransactionsTop) />
    </div>
    <div
      className="main-container__right"
    >
      <Connect(TransactionsAll) />
    </div>
  </div>
</Fragment>
`;
