// Jest Snapshot v1, https://goo.gl/fbAQLP

exports[`Transactions All renders correctly 1`] = `
<Fragment>
  <div
    className="transactions"
  >
    <Connect(TransactionsAdd) />
    <div
      className="transactions__items"
    >
      <div
        className="transactions__item"
        key="0"
      >
        <p
          id="title"
        >
          Transaction no. 2514526586
        </p>
        <p
          id="EUR"
        >
          35.20
          €
        </p>
        <p
          id="PLN"
        >
          154.88
          zł
        </p>
        <button
          className="delete"
          onClick={[Function]}
        >
          X
        </button>
      </div>
      <div
        className="transactions__item"
        key="1"
      >
        <p
          id="title"
        >
          Transaction no. 4875148695
        </p>
        <p
          id="EUR"
        >
          44.50
          €
        </p>
        <p
          id="PLN"
        >
          195.80
          zł
        </p>
        <button
          className="delete"
          onClick={[Function]}
        >
          X
        </button>
      </div>
      <div
        className="transactions__item"
        key="2"
      >
        <p
          id="title"
        >
          Transaction no. 5248625931
        </p>
        <p
          id="EUR"
        >
          120.25
          €
        </p>
        <p
          id="PLN"
        >
          529.10
          zł
        </p>
        <button
          className="delete"
          onClick={[Function]}
        >
          X
        </button>
      </div>
      <div
        className="transactions__item"
        key="3"
      >
        <p
          id="title"
        >
          Transaction no. 9623584158
        </p>
        <p
          id="EUR"
        >
          50.00
          €
        </p>
        <p
          id="PLN"
        >
          220.00
          zł
        </p>
        <button
          className="delete"
          onClick={[Function]}
        >
          X
        </button>
      </div>
      <div
        className="transactions__item"
        key="4"
      >
        <p
          id="title"
        >
          Transaction no. 3675481259
        </p>
        <p
          id="EUR"
        >
          150.00
          €
        </p>
        <p
          id="PLN"
        >
          660.00
          zł
        </p>
        <button
          className="delete"
          onClick={[Function]}
        >
          X
        </button>
      </div>
      <div
        className="transactions__item"
        key="5"
      >
        <p
          id="title"
        >
          Transaction no. 9624851593
        </p>
        <p
          id="EUR"
        >
          26.00
          €
        </p>
        <p
          id="PLN"
        >
          114.40
          zł
        </p>
        <button
          className="delete"
          onClick={[Function]}
        >
          X
        </button>
      </div>
      <div
        className="transactions__item"
        key="6"
      >
        <p
          id="title"
        >
          Transaction no. 5481726983
        </p>
        <p
          id="EUR"
        >
          185.00
          €
        </p>
        <p
          id="PLN"
        >
          814.00
          zł
        </p>
        <button
          className="delete"
          onClick={[Function]}
        >
          X
        </button>
      </div>
    </div>
    <Connect(TransactionsSum) />
  </div>
</Fragment>
`;
